0
0
0
55
764
3294
4052
2334
1693
1860
1939
2509
3975
2888
2873
4054
4405
4395
4570
5107
3115
2446
1934
1340
1746
1864
1707
535
78
4
0
0
